00:25:26 INFO    export_docx                公式转换已启用，样式表: C:\Program Files\Microsoft Office\root\Office16\MML2OMML.XSL
00:25:27 INFO    export_docx                已导出 evtol_siting\paper\manuscript_draft.docx
    公式 19 个（其中 19 个转为 Word 原生公式对象）
    表格已转为三线表
00:30:28 INFO    export_docx                公式转换已启用，样式表: C:\Program Files\Microsoft Office\root\Office16\MML2OMML.XSL
00:30:28 INFO    export_docx                已导出 manuscript_draft.docx
    公式 19 个（其中 19 个转为 Word 原生公式对象）
    表格已转为三线表
00:31:04 INFO    export_docx                公式转换已启用，样式表: C:\Program Files\Microsoft Office\root\Office16\MML2OMML.XSL
00:31:04 INFO    export_docx                已导出 manuscript_draft.docx
    公式 19 个（其中 19 个转为 Word 原生公式对象）
    表格已转为三线表
01:53:39 INFO    export_docx                公式转换已启用，样式表: C:\Program Files\Microsoft Office\root\Office16\MML2OMML.XSL
01:53:39 INFO    export_docx                稿件语言: 中文
01:53:40 INFO    export_docx                已导出 中文稿.docx
    公式 19 个（其中 19 个转为 Word 原生公式对象）
    表格已转为三线表
01:54:10 INFO    export_docx                公式转换已启用，样式表: C:\Program Files\Microsoft Office\root\Office16\MML2OMML.XSL
01:54:10 INFO    export_docx                稿件语言: 中文
01:54:11 INFO    export_docx                已导出 中文稿.docx
    公式 19 个（其中 19 个转为 Word 原生公式对象）
    表格已转为三线表
01:54:41 INFO    export_docx                公式转换已启用，样式表: C:\Program Files\Microsoft Office\root\Office16\MML2OMML.XSL
01:54:41 INFO    export_docx                稿件语言: 英文
01:54:42 INFO    export_docx                已导出 manuscript_draft.docx
    公式 19 个（其中 19 个转为 Word 原生公式对象）
    表格已转为三线表
17:44:29 INFO    export_docx                公式转换已启用，样式表: C:\Program Files\Microsoft Office\root\Office16\MML2OMML.XSL
17:44:29 INFO    export_docx                稿件语言: 英文
17:44:30 INFO    export_docx                已导出 manuscript_draft.docx
    公式 19 个（其中 19 个转为 Word 原生公式对象）
    表格已转为三线表
17:44:30 INFO    export_docx                公式转换已启用，样式表: C:\Program Files\Microsoft Office\root\Office16\MML2OMML.XSL
17:44:30 INFO    export_docx                稿件语言: 中文
17:44:31 INFO    export_docx                已导出 中文稿.docx
    公式 19 个（其中 19 个转为 Word 原生公式对象）
    表格已转为三线表
19:53:15 INFO    export_docx                公式转换已启用，样式表: C:\Program Files\Microsoft Office\root\Office16\MML2OMML.XSL
19:53:15 INFO    export_docx                稿件语言: 英文
19:53:16 INFO    export_docx                已导出 manuscript_draft.docx
    公式 19 个（其中 19 个转为 Word 原生公式对象）
    表格已转为三线表
19:53:16 INFO    export_docx                公式转换已启用，样式表: C:\Program Files\Microsoft Office\root\Office16\MML2OMML.XSL
19:53:16 INFO    export_docx                稿件语言: 中文
19:54:16 INFO    export_docx                公式转换已启用，样式表: C:\Program Files\Microsoft Office\root\Office16\MML2OMML.XSL
19:54:16 INFO    export_docx                稿件语言: 中文
19:54:28 INFO    export_docx                公式转换已启用，样式表: C:\Program Files\Microsoft Office\root\Office16\MML2OMML.XSL
19:54:28 INFO    export_docx                稿件语言: 中文
19:54:29 INFO    export_docx                已导出 _中文稿_new.docx
    公式 19 个（其中 19 个转为 Word 原生公式对象）
    表格已转为三线表
19:54:50 INFO    export_docx                公式转换已启用，样式表: C:\Program Files\Microsoft Office\root\Office16\MML2OMML.XSL
19:54:50 INFO    export_docx                稿件语言: 中文
19:56:56 INFO    export_docx                公式转换已启用，样式表: C:\Program Files\Microsoft Office\root\Office16\MML2OMML.XSL
19:56:56 INFO    export_docx                稿件语言: 中文
19:56:57 INFO    export_docx                已导出 中文稿.docx
    公式 19 个（其中 19 个转为 Word 原生公式对象）
    表格已转为三线表
00:09:12 INFO    export_docx                公式转换已启用，样式表: C:\Program Files\Microsoft Office\root\Office16\MML2OMML.XSL
00:09:12 INFO    export_docx                稿件语言: 中文
00:09:13 INFO    export_docx                已导出 论文稿件\中文稿.docx
    公式 23 个（其中 23 个转为 Word 原生公式对象）
    表格已转为三线表
00:09:30 INFO    export_docx                公式转换已启用，样式表: C:\Program Files\Microsoft Office\root\Office16\MML2OMML.XSL
00:09:30 INFO    export_docx                稿件语言: 英文
00:09:31 INFO    export_docx                已导出 论文稿件\manuscript_draft.docx
    公式 23 个（其中 23 个转为 Word 原生公式对象）
    表格已转为三线表
00:24:00 INFO    export_docx                公式转换已启用，样式表: C:\Program Files\Microsoft Office\root\Office16\MML2OMML.XSL
00:24:00 INFO    export_docx                稿件语言: 中文
00:24:01 INFO    export_docx                已导出 论文稿件\中文稿.docx
    公式 23 个（其中 23 个转为 Word 原生公式对象）
    表格已转为三线表
00:24:02 INFO    export_docx                公式转换已启用，样式表: C:\Program Files\Microsoft Office\root\Office16\MML2OMML.XSL
00:24:02 INFO    export_docx                稿件语言: 英文
00:24:03 INFO    export_docx                已导出 论文稿件\manuscript_draft.docx
    公式 23 个（其中 23 个转为 Word 原生公式对象）
    表格已转为三线表
13:19:26 INFO    export_docx                公式转换已启用，样式表: C:\Program Files\Microsoft Office\root\Office16\MML2OMML.XSL
13:19:43 INFO    export_docx                公式转换已启用，样式表: C:\Program Files\Microsoft Office\root\Office16\MML2OMML.XSL
13:19:43 INFO    export_docx                稿件语言: 英文
13:19:45 INFO    export_docx                已导出 论文稿件\manuscript_draft.docx
    公式 24 个（其中 24 个转为 Word 原生公式对象）
    表格已转为三线表
13:20:09 INFO    export_docx                公式转换已启用，样式表: C:\Program Files\Microsoft Office\root\Office16\MML2OMML.XSL
13:20:09 INFO    export_docx                稿件语言: 中文
13:20:10 INFO    export_docx                已导出 论文稿件\中文稿.docx
    公式 24 个（其中 24 个转为 Word 原生公式对象）
    表格已转为三线表
13:20:21 INFO    export_docx                公式转换已启用，样式表: C:\Program Files\Microsoft Office\root\Office16\MML2OMML.XSL
13:20:21 INFO    export_docx                稿件语言: 英文
13:20:23 INFO    export_docx                已导出 论文稿件\manuscript_draft.docx
    公式 24 个（其中 24 个转为 Word 原生公式对象）
    表格已转为三线表
13:20:23 INFO    export_docx                公式转换已启用，样式表: C:\Program Files\Microsoft Office\root\Office16\MML2OMML.XSL
13:20:23 INFO    export_docx                稿件语言: 中文
13:20:25 INFO    export_docx                已导出 论文稿件\中文稿.docx
    公式 24 个（其中 24 个转为 Word 原生公式对象）
    表格已转为三线表
22:34:29 INFO    export_docx                公式转换已启用，样式表: C:\Program Files\Microsoft Office\root\Office16\MML2OMML.XSL
22:34:29 INFO    export_docx                稿件语言: 中文
22:34:35 INFO    export_docx                已导出 论文稿件\中文稿.docx
    公式 25 个（其中 25 个转为 Word 原生公式对象）
    表格已转为三线表
22:34:42 INFO    export_docx                公式转换已启用，样式表: C:\Program Files\Microsoft Office\root\Office16\MML2OMML.XSL
22:34:42 INFO    export_docx                稿件语言: 英文
22:34:48 INFO    export_docx                已导出 论文稿件\manuscript_draft.docx
    公式 25 个（其中 25 个转为 Word 原生公式对象）
    表格已转为三线表
22:55:36 INFO    export_docx                公式转换已启用，样式表: C:\Program Files\Microsoft Office\root\Office16\MML2OMML.XSL
22:55:36 INFO    export_docx                稿件语言: 中文
22:55:40 INFO    export_docx                已导出 论文稿件\中文稿.docx
    公式 25 个（其中 25 个转为 Word 原生公式对象）
    表格已转为三线表
22:55:40 INFO    export_docx                公式转换已启用，样式表: C:\Program Files\Microsoft Office\root\Office16\MML2OMML.XSL
22:55:40 INFO    export_docx                稿件语言: 英文
22:55:44 INFO    export_docx                已导出 论文稿件\manuscript_draft.docx
    公式 25 个（其中 25 个转为 Word 原生公式对象）
    表格已转为三线表
22:56:40 INFO    export_docx                公式转换已启用，样式表: C:\Program Files\Microsoft Office\root\Office16\MML2OMML.XSL
22:56:40 INFO    export_docx                稿件语言: 中文
22:56:44 INFO    export_docx                已导出 论文稿件\中文稿.docx
    公式 25 个（其中 25 个转为 Word 原生公式对象）
    表格已转为三线表
22:56:45 INFO    export_docx                公式转换已启用，样式表: C:\Program Files\Microsoft Office\root\Office16\MML2OMML.XSL
22:56:45 INFO    export_docx                稿件语言: 英文
22:56:49 INFO    export_docx                已导出 论文稿件\manuscript_draft.docx
    公式 25 个（其中 25 个转为 Word 原生公式对象）
    表格已转为三线表
23:40:54 INFO    export_docx                公式转换已启用，样式表: C:\Program Files\Microsoft Office\root\Office16\MML2OMML.XSL
23:40:54 INFO    export_docx                稿件语言: 中文
23:41:00 INFO    export_docx                已导出 论文稿件\中文稿.docx
    公式 25 个（其中 25 个转为 Word 原生公式对象）
    表格已转为三线表
23:41:01 INFO    export_docx                公式转换已启用，样式表: C:\Program Files\Microsoft Office\root\Office16\MML2OMML.XSL
23:41:01 INFO    export_docx                稿件语言: 英文
23:41:07 INFO    export_docx                已导出 论文稿件\manuscript_draft.docx
    公式 25 个（其中 25 个转为 Word 原生公式对象）
    表格已转为三线表
20:43:24 INFO    export_docx                公式转换已启用，样式表: C:\Program Files\Microsoft Office\root\Office16\MML2OMML.XSL
20:43:24 INFO    export_docx                稿件语言: 英文
20:43:25 INFO    export_docx                已导出 evtol_siting\paper\manuscript_draft.docx
    公式 19 个（其中 19 个转为 Word 原生公式对象）
    表格已转为三线表
20:43:38 INFO    export_docx                公式转换已启用，样式表: C:\Program Files\Microsoft Office\root\Office16\MML2OMML.XSL
20:43:38 INFO    export_docx                稿件语言: 中文
20:43:45 INFO    export_docx                已导出 论文稿件\中文稿.docx
    公式 26 个（其中 26 个转为 Word 原生公式对象）
    表格已转为三线表
20:43:50 INFO    export_docx                公式转换已启用，样式表: C:\Program Files\Microsoft Office\root\Office16\MML2OMML.XSL
20:43:50 INFO    export_docx                稿件语言: 英文
20:43:58 INFO    export_docx                已导出 论文稿件\manuscript_draft.docx
    公式 26 个（其中 26 个转为 Word 原生公式对象）
    表格已转为三线表
21:55:48 INFO    export_docx                公式转换已启用，样式表: C:\Program Files\Microsoft Office\root\Office16\MML2OMML.XSL
21:55:48 INFO    export_docx                稿件语言: 中文
21:55:52 INFO    export_docx                已导出 论文稿件\中文稿.docx
    公式 26 个（其中 26 个转为 Word 原生公式对象）
    表格已转为三线表
21:55:53 INFO    export_docx                公式转换已启用，样式表: C:\Program Files\Microsoft Office\root\Office16\MML2OMML.XSL
21:55:53 INFO    export_docx                稿件语言: 英文
21:55:57 INFO    export_docx                已导出 论文稿件\manuscript_draft.docx
    公式 26 个（其中 26 个转为 Word 原生公式对象）
    表格已转为三线表
22:14:54 INFO    export_docx                公式转换已启用，样式表: C:\Program Files\Microsoft Office\root\Office16\MML2OMML.XSL
22:14:54 INFO    export_docx                稿件语言: 中文
22:14:58 INFO    export_docx                已导出 论文稿件\中文稿.docx
    公式 26 个（其中 26 个转为 Word 原生公式对象）
    表格已转为三线表
22:14:59 INFO    export_docx                公式转换已启用，样式表: C:\Program Files\Microsoft Office\root\Office16\MML2OMML.XSL
22:14:59 INFO    export_docx                稿件语言: 英文
22:15:03 INFO    export_docx                已导出 论文稿件\manuscript_draft.docx
    公式 26 个（其中 26 个转为 Word 原生公式对象）
    表格已转为三线表
00:04:24 INFO    export_docx                公式转换已启用，样式表: C:\Program Files\Microsoft Office\root\Office16\MML2OMML.XSL
00:04:24 INFO    export_docx                稿件语言: 中文
00:04:35 INFO    export_docx                已导出 论文稿件\中文稿.docx
    公式 26 个（其中 26 个转为 Word 原生公式对象）
    表格已转为三线表
00:04:36 INFO    export_docx                公式转换已启用，样式表: C:\Program Files\Microsoft Office\root\Office16\MML2OMML.XSL
00:04:36 INFO    export_docx                稿件语言: 英文
00:04:43 INFO    export_docx                已导出 论文稿件\manuscript_draft.docx
    公式 26 个（其中 26 个转为 Word 原生公式对象）
    表格已转为三线表
00:08:25 INFO    export_docx                公式转换已启用，样式表: C:\Program Files\Microsoft Office\root\Office16\MML2OMML.XSL
00:08:25 INFO    export_docx                稿件语言: 中文
00:08:31 INFO    export_docx                已导出 论文稿件\中文稿.docx
    公式 26 个（其中 26 个转为 Word 原生公式对象）
    表格已转为三线表
00:08:31 INFO    export_docx                公式转换已启用，样式表: C:\Program Files\Microsoft Office\root\Office16\MML2OMML.XSL
00:08:31 INFO    export_docx                稿件语言: 英文
00:08:36 INFO    export_docx                已导出 论文稿件\manuscript_draft.docx
    公式 26 个（其中 26 个转为 Word 原生公式对象）
    表格已转为三线表
00:34:59 INFO    export_docx                公式转换已启用，样式表: C:\Program Files\Microsoft Office\root\Office16\MML2OMML.XSL
00:34:59 INFO    export_docx                稿件语言: 英文
00:35:06 INFO    export_docx                已导出 论文稿件\manuscript_draft.docx
    公式 26 个（其中 26 个转为 Word 原生公式对象）
    表格已转为三线表
00:37:00 INFO    export_docx                公式转换已启用，样式表: C:\Program Files\Microsoft Office\root\Office16\MML2OMML.XSL
00:37:00 INFO    export_docx                稿件语言: 中文
00:37:07 INFO    export_docx                已导出 论文稿件\中文稿.docx
    公式 26 个（其中 26 个转为 Word 原生公式对象）
    表格已转为三线表
00:37:07 INFO    export_docx                公式转换已启用，样式表: C:\Program Files\Microsoft Office\root\Office16\MML2OMML.XSL
00:37:07 INFO    export_docx                稿件语言: 英文
00:37:14 INFO    export_docx                已导出 论文稿件\manuscript_draft.docx
    公式 26 个（其中 26 个转为 Word 原生公式对象）
    表格已转为三线表
01:32:02 INFO    export_docx                公式转换已启用，样式表: C:\Program Files\Microsoft Office\root\Office16\MML2OMML.XSL
01:32:02 INFO    export_docx                稿件语言: 英文
01:32:09 INFO    export_docx                已导出 论文稿件\manuscript_draft.docx
    公式 26 个（其中 26 个转为 Word 原生公式对象）
    表格已转为三线表
01:32:15 INFO    export_docx                公式转换已启用，样式表: C:\Program Files\Microsoft Office\root\Office16\MML2OMML.XSL
01:32:15 INFO    export_docx                稿件语言: 中文
01:32:19 INFO    export_docx                已导出 论文稿件\中文稿.docx
    公式 26 个（其中 26 个转为 Word 原生公式对象）
    表格已转为三线表
01:41:00 INFO    export_docx                公式转换已启用，样式表: C:\Program Files\Microsoft Office\root\Office16\MML2OMML.XSL
01:41:00 INFO    export_docx                稿件语言: 英文
01:41:04 INFO    export_docx                已导出 论文稿件\manuscript_draft.docx
    公式 26 个（其中 26 个转为 Word 原生公式对象）
    表格已转为三线表
01:41:05 INFO    export_docx                公式转换已启用，样式表: C:\Program Files\Microsoft Office\root\Office16\MML2OMML.XSL
01:41:05 INFO    export_docx                稿件语言: 中文
01:41:09 INFO    export_docx                已导出 论文稿件\中文稿.docx
    公式 26 个（其中 26 个转为 Word 原生公式对象）
    表格已转为三线表
01:57:39 INFO    export_docx                公式转换已启用，样式表: C:\Program Files\Microsoft Office\root\Office16\MML2OMML.XSL
01:57:39 INFO    export_docx                稿件语言: 英文
01:57:46 INFO    export_docx                已导出 论文稿件\manuscript_draft.docx
    公式 26 个（其中 26 个转为 Word 原生公式对象）
    表格已转为三线表
01:57:47 INFO    export_docx                公式转换已启用，样式表: C:\Program Files\Microsoft Office\root\Office16\MML2OMML.XSL
01:57:47 INFO    export_docx                稿件语言: 中文
01:57:51 INFO    export_docx                已导出 论文稿件\中文稿.docx
    公式 26 个（其中 26 个转为 Word 原生公式对象）
    表格已转为三线表
