05:25:43 INFO    run_all                    ==============================================================================
05:25:43 INFO    run_all                     基于 GIS 与多目标优化的 eVTOL 起降场选址 —— 四阶段集成方法
05:25:43 INFO    run_all                     run tag: run_20260919_052543
05:25:43 INFO    run_all                    ==============================================================================
05:25:43 INFO    run_all                    
config: chengdu.yaml
  stage1_candidates.rooftop.min_height_m               = 20.0
  stage1_candidates.rooftop.min_roof_area_m2           = 1600.0
  stage1_candidates.dilution.min_distance_m            = 500.0
  stage1_candidates.grid_size_m                        = 500.0
  stage2_demand.n_clusters                             = 5
  stage3_ip.access_radius_m                            = 3000.0
  stage3_ip.min_core_demand                            = 0.6
  stage4_nsga2.pop_size                                = 200
  stage4_nsga2.n_gen                                   = 300
05:25:44 INFO    evtol_siting.pipeline      ============================================================
05:25:44 INFO    evtol_siting.pipeline      阶段一：基于 GIS 的候选起降场筛选
05:25:44 INFO    evtol_siting.pipeline      ============================================================
05:25:44 INFO    evtol_siting.pipeline      解析 PBF 提取包: sichuan-latest.osm.pbf
05:26:00 INFO    evtol_siting.data.pbf        已扫描 200000 个候选要素…
05:26:24 INFO    evtol_siting.data.pbf        已扫描 400000 个候选要素…
05:26:45 INFO    evtol_siting.data.pbf        已扫描 600000 个候选要素…
05:27:07 INFO    evtol_siting.data.pbf        已扫描 800000 个候选要素…
05:27:28 INFO    evtol_siting.data.pbf        已扫描 1000000 个候选要素…
05:27:50 INFO    evtol_siting.data.pbf        已扫描 1200000 个候选要素…
05:28:02 INFO    evtol_siting.data.pbf        buildings          70006 个要素
05:28:02 INFO    evtol_siting.data.pbf        poi                 8159 个要素
05:28:03 INFO    evtol_siting.data.pbf        roads              42272 个要素
05:28:04 INFO    evtol_siting.data.pbf        landuse             8605 个要素
05:28:04 INFO    evtol_siting.data.pbf        water               3671 个要素
05:28:04 INFO    evtol_siting.data.pbf        airports            1365 个要素
05:28:04 INFO    evtol_siting.data.pbf      PBF 解析完成（扫描 1271295 个候选要素，装配并保留 79825 个面要素，丢弃 0 个非法几何，输出 6 个图层）
05:28:04 INFO    evtol_siting.data.rasters  建筑高度栅格已存在: evtol_siting\data\raw\height\chengdu_building_height_10m.tif
05:28:10 INFO    evtol_siting.data.heights  高度栅格提供了 49323 栋建筑的高度（覆盖 70.5%）
05:28:10 INFO    evtol_siting.data.heights  分位数回归填补了 14740 栋建筑的高度（中位数 18.6 m）
05:28:10 INFO    evtol_siting.data.heights  高度融合结果（共 70006 栋）:
    raster_height     70.5%
    imputed           21.1%
    osm_levels         7.3%
    osm_height         1.2%
05:28:10 INFO    evtol_siting.data.heights  各来源的栋数与高度分布（论文 §3.3 引用这些数）:
                   n  median  mean   std
src                                     
raster_height  49323   18.65 19.44  5.25
imputed        14740   18.60 18.42  1.34
osm_levels      5100   14.10 29.66 34.60
osm_height       843   20.00 34.44 47.47
05:28:10 INFO    evtol_siting.data.heights      合计 70006 栋（逐来源栋数之和必须等于此数）
05:28:15 INFO    evtol_siting.data.heights  §3.3 诊断（同口径，均为 CNBH 栅格实测）: 带 OSM 高度标签 5352 栋，中位数 23.0 m，均值 22.9 m
05:28:15 INFO    evtol_siting.data.heights  §3.3 诊断（同口径，均为 CNBH 栅格实测）: 无 OSM 高度标签 49323 栋，中位数 18.6 m，均值 19.4 m
05:28:15 INFO    evtol_siting.data.heights      （两个子集的中位数之差即 §3.3 所述的选择偏差；差值方向应为正值——标签偏向更高建筑）
05:28:15 INFO    evtol_siting.data.heights      有标签覆盖率: 8.5% -> 融合后覆盖率: 100.0%
05:28:15 INFO    evtol_siting.data.rasters  人口栅格已存在: evtol_siting\data\raw\population\chengdu_population_100m.tif
05:28:15 INFO    evtol_siting.data.rasters  收入代理数据已存在: evtol_siting\data\raw\income\chengdu_income_proxy.gpkg
05:28:15 INFO    evtol_siting.pipeline      收入代理已载入: 6716 个点（EPSG:4326）
05:28:15 INFO    evtol_siting.data.rasters  DEM 已存在: evtol_siting\data\raw\dem\chengdu_dem_30m.tif
05:28:20 INFO    evtol_siting.data.rasters  坡度栅格已生成: evtol_siting\data\interim\chengdu_slope.tif
05:28:20 INFO    evtol_siting.geo           栅格化完成: 单元边长 500 m, 单元数 2519, 覆盖 629.8 km²
05:28:20 INFO    evtol_siting.stage1_candidates 屋顶型筛选: 1517 / 70006 栋建筑满足 h>=20m 且 A_roof>=1600m² (2.17%)
05:28:20 INFO    evtol_siting.stage1_candidates   排除 用地类型: 35 个单元（1.4%）
05:28:21 INFO    evtol_siting.stage1_candidates   排除 水域: 62 个单元（2.5%）
05:28:21 INFO    evtol_siting.stage1_candidates   建筑覆盖率判据 (max=0.55): 剔除 6 个单元（保留 2416）；覆盖率中位数 0.05
05:28:21 INFO    evtol_siting.stage1_candidates 坡度判据: 2405 / 2416 单元满足 slope<=15° (剔除 11)
05:28:21 INFO    evtol_siting.stage1_candidates 地面型筛选: 2405 个候选（用地排除 -114，坡度排除后）
05:28:21 INFO    evtol_siting.stage1_candidates 地面型候选已按路网可达性重新评分（中位距离 91 m）
05:28:21 INFO    evtol_siting.stage1_candidates 已为 1517 个缺少 cell_id 的候选（屋顶型）补齐所属栅格单元（补齐后 3818/3922 有 cell_id）
05:28:21 INFO    evtol_siting.stage1_candidates   104 个候选落在栅格之外，改用坐标分桶作为 cell_id
05:28:21 INFO    evtol_siting.stage1_candidates   口径 all_aeroway：1299 个非直升要素全部按运输机场处理
05:28:21 INFO    evtol_siting.stage1_candidates   机场净空区（含民用） (r=4000m): 剔除 1498 个候选（占 38.2%）
05:28:21 INFO    evtol_siting.stage1_candidates   既有直升机场 (r=1000m): 剔除 179 个候选（占 4.6%）
05:28:21 INFO    evtol_siting.stage1_candidates 安全排除后剩余 2381 个候选（原有 3922）
05:28:22 INFO    evtol_siting.stage1_candidates   [ground] 类别内稀释: 1560 -> 1560
05:28:22 INFO    evtol_siting.stage1_candidates   [rooftop] 类别内稀释: 745 -> 269
05:28:22 INFO    evtol_siting.stage1_candidates 密度稀释 (c_min=500m, 每栅格<=3): 2381 -> 1315 个候选 （配额 -76，类别内间距 -476，跨类别冲突 -514）；构成: {'ground': 1051, 'rooftop': 264}
05:28:22 INFO    evtol_siting.stage1_candidates 阶段一完成: 1315 个候选起降场（屋顶型 264，地面型 1051）
05:28:22 INFO    run_all                    阶段一候选集:
  facility_type     n  height_mean_m  cost_mean_cny  cost_total_cny
0        ground  1051            0.0     57000000.0    5.990700e+10
1       rooftop   264           36.0     41027869.0    1.083136e+10
05:28:22 INFO    evtol_siting.pipeline      ============================================================
05:28:22 INFO    evtol_siting.pipeline      阶段二：K-means 人群分类与需求空间化
05:28:22 INFO    evtol_siting.pipeline      ============================================================
05:28:22 INFO    evtol_siting.data.dasymetric 人口栅格分辨率 80 m 细于需求格网 500 m —— 分区求和已是正确的格网人口总量，**体积重分配在此不产生作用**，直接使用分区求和。（体积权重的价值在于把人口摊到建筑上做更细的分析，需 force=True）
05:28:22 WARNING evtol_siting.data.dasymetric 退化为按分区求和（假设人口在格网内均匀分布）
05:28:34 INFO    evtol_siting.stage2_demand 人口分配方式对比（论文 Table 用）:
    method  total_population  n_nonzero_cells  mean_per_cell  std_per_cell       cv     max_cell  top1pct_share     gini
dasymetric      7.712263e+06             2517    3061.636823   2504.238782 0.817941 12360.637527       0.032418 0.458119
   uniform      7.712263e+06             2517    3061.636823   2504.238782 0.817941 12360.637527       0.032418 0.458119
05:28:34 INFO    evtol_siting.stage2_demand 人口: 合计 7712263 人，单元中位数 2567 人（来源: zonal_sum）
05:28:35 INFO    evtol_siting.stage2_demand 收入代理(RWI): 范围 [4.28, 94.31]，单元均值 28.593
05:28:35 INFO    evtol_siting.stage2_demand POI: 研究区内 7442 个，单元密度中位数 0 个/km²
05:28:40 INFO    evtol_siting.stage2_demand K 选择 (silhouette): K=5，得分 0.4742，各 K 得分 {3: 0.4713, 4: 0.4495, 5: 0.4742, 6: 0.4289, 7: 0.4336, 8: 0.4372}
05:28:40 INFO    evtol_siting.choice_model  收入阶梯（K=5）: 1,877  2,956  4,049  5,546  8,736
05:28:40 INFO    evtol_siting.choice_model  时间价值: 5.4  8.5  11.6  15.9  25.1 元/小时（对应月收入 1,877  2,956  4,049  5,546  8,736）
05:28:40 INFO    evtol_siting.choice_model  时间价值: 1.1  1.3  1.4  1.7  1.9  2.2  2.5  2.9  3.3  3.8  4.4  5.0  5.8  6.6  7.6  8.8  10.1  11.6  13.3  15.3  17.6  20.2  23.2  26.7 元/小时（对应月收入 379  435  500  575  661  760  873  1,003  1,153  1,325  1,523  1,751  2,012  2,312  2,657  3,054  3,510  4,034  4,636  5,328  6,124  7,038  8,088  9,296）
05:28:40 INFO    evtol_siting.choice_model  时间价值: 1.7  2.0  2.3  2.6  3.0  3.4  4.0  4.5  5.2  6.0  6.9  7.9  9.1  10.5  12.0  13.8  15.9  18.3  21.0  24.1  27.7  31.9  36.6  42.1 元/小时（对应月收入 597  686  788  906  1,041  1,197  1,375  1,581  1,816  2,088  2,399  2,757  3,169  3,642  4,186  4,810  5,529  6,354  7,302  8,392  9,645  11,085  12,739  14,641）
05:28:40 INFO    evtol_siting.choice_model  时间价值: 2.3  2.7  3.1  3.6  4.1  4.7  5.4  6.2  7.1  8.2  9.4  10.9  12.5  14.3  16.5  18.9  21.8  25.0  28.7  33.0  38.0  43.6  50.1  57.6 元/小时（对应月收入 817  940  1,080  1,241  1,426  1,639  1,884  2,165  2,488  2,859  3,286  3,777  4,341  4,989  5,733  6,589  7,573  8,703  10,002  11,495  13,211  15,183  17,450  20,055）
05:28:40 INFO    evtol_siting.choice_model  时间价值: 3.2  3.7  4.3  4.9  5.6  6.5  7.4  8.5  9.8  11.3  12.9  14.9  17.1  19.6  22.6  25.9  29.8  34.3  39.4  45.2  52.0  59.8  68.7  78.9 元/小时（对应月收入 1,120  1,287  1,479  1,700  1,954  2,245  2,580  2,965  3,408  3,917  4,502  5,173  5,946  6,833  7,853  9,026  10,373  11,921  13,701  15,746  18,097  20,798  23,902  27,470）
05:28:40 INFO    evtol_siting.choice_model  时间价值: 5.1  5.8  6.7  7.7  8.8  10.2  11.7  13.4  15.4  17.7  20.4  23.4  26.9  30.9  35.5  40.9  46.9  54.0  62.0  71.3  81.9  94.1  108.2  124.3 元/小时（对应月收入 1,764  2,027  2,330  2,677  3,077  3,536  4,064  4,671  5,368  6,169  7,090  8,149  9,365  10,763  12,369  14,216  16,338  18,777  21,580  24,801  28,503  32,758  37,648  43,267）
05:28:40 INFO    evtol_siting.choice_model  选择模型 [区域内积分（σ_within=0.4）]: 出行 15 km（单点），地面 55 分钟 / 57 元，eVTOL 24 分钟 / 130 元，节省 31 分钟；采用概率 0.0565–0.0865（类间比 1.53）
05:28:40 INFO    evtol_siting.choice_model  各类人群采用概率:
 cluster  monthly_income_cny  vot_cny_per_h  p_evtol  demand_rate
       3              1877.0           5.39  0.05645     0.005645
       0              2956.0           8.49  0.06033     0.006033
       1              4049.0          11.64  0.06455     0.006455
       2              5546.0          15.94  0.07085     0.007085
       4              8736.0          25.10  0.08655     0.008655
05:28:40 INFO    evtol_siting.stage2_demand K-means 聚类完成: K=5，总需求 50339 次/日，总人口 7712263 人
05:28:40 INFO    evtol_siting.stage2_demand 类画像:
 cluster  n_cells   population  income_mean  poi_density_mean  trip_rate  monthly_income_cny  vot_cny_per_h  p_evtol  demand_trips_per_day k_selection
       3      911 1.274286e+06    15.458149          1.242591   0.005645              1877.0           5.39  0.05645           7193.345774  silhouette
       0      916 2.953990e+06    31.667580          4.310044   0.006033              2956.0           8.49  0.06033          17821.419612  silhouette
       1      311 1.804357e+06    33.630300         41.273312   0.006455              4049.0          11.64  0.06455          11647.124043  silhouette
       2       81 5.478822e+05    40.350918        106.123457   0.007085              5546.0          15.94  0.07085           3881.745275  silhouette
       4      300 1.131748e+06    50.690864         10.853333   0.008655              8736.0          25.10  0.08655           9795.280187  silhouette
05:28:40 INFO    run_all                    阶段二人群画像:
 cluster  n_cells   population  income_mean  poi_density_mean  trip_rate  monthly_income_cny  vot_cny_per_h  p_evtol  demand_trips_per_day k_selection
       3      911 1.274286e+06    15.458149          1.242591   0.005645              1877.0           5.39  0.05645           7193.345774  silhouette
       0      916 2.953990e+06    31.667580          4.310044   0.006033              2956.0           8.49  0.06033          17821.419612  silhouette
       1      311 1.804357e+06    33.630300         41.273312   0.006455              4049.0          11.64  0.06455          11647.124043  silhouette
       2       81 5.478822e+05    40.350918        106.123457   0.007085              5546.0          15.94  0.07085           3881.745275  silhouette
       4      300 1.131748e+06    50.690864         10.853333   0.008655              8736.0          25.10  0.08655           9795.280187  silhouette
05:28:40 INFO    evtol_siting.pipeline      ============================================================
05:28:40 INFO    evtol_siting.pipeline      阶段三：0-1 整数规划选址
05:28:40 INFO    evtol_siting.pipeline      ============================================================
05:28:40 INFO    evtol_siting.stage3_ip     [cost_priority] 需求单元 2519 个（核心 1008 个，阈值 分位数 0.60（>=21.0 次/日）），候选 1315 个，接驳时间预算 15.0 分钟，设施上限 20
05:28:41 INFO    evtol_siting.solver_status [cost_priority] 已证明最优（相对间隙 <= 1e-09）
05:28:41 INFO    evtol_siting.stage3_ip     [cost_priority] 解: 11 个起降场，总成本 3.14 亿元，需求覆盖率 96.1%，人口覆盖率 95.8%，核心覆盖率 100.0%（耗时 0.55s，已证明最优）
05:28:41 INFO    evtol_siting.stage3_ip     [coverage_priority] 需求单元 2519 个（核心 1008 个，阈值 分位数 0.60（>=21.0 次/日）），候选 1315 个，接驳时间预算 15.0 分钟，设施上限 35
05:28:42 INFO    evtol_siting.solver_status [coverage_priority] 已证明最优（相对间隙 <= 1e-09）
05:28:42 INFO    evtol_siting.stage3_ip     [coverage_priority] 解: 10 个起降场，总成本 5.45 亿元，需求覆盖率 96.7%，人口覆盖率 96.5%，核心覆盖率 100.0%（耗时 0.54s，已证明最优）
05:28:42 INFO    evtol_siting.stage3_ip     阶段三完成: 2 个情景求解成功（cost_priority=Optimal, coverage_priority=Optimal）
05:28:42 INFO    run_all                      cost_priority          Optimal      11 站  3.14 亿元  需求覆盖 96.1%
05:28:42 INFO    run_all                      coverage_priority      Optimal      10 站  5.45 亿元  需求覆盖 96.7%
05:28:42 INFO    evtol_siting.pipeline      ============================================================
05:28:42 INFO    evtol_siting.pipeline      阶段四：NSGA-II 多目标优化
05:28:42 INFO    evtol_siting.pipeline      ============================================================
05:28:42 INFO    evtol_siting.stage4_nsga2  问题实例: 2519 个需求单元（核心 1008），1315 个候选；接驳预算 15.0 分钟；单点最大可覆盖 299 个核心单元（占核心 29.7%）
05:28:42 INFO    evtol_siting.pipeline      已注入 2 个 IP 最优解作为初始种群种子
05:28:42 INFO    evtol_siting.nsga2_core    初始种群: 200 个个体 × 1315 维，站点数 区间 (12, 400)（区间初始化，自由规模）
05:28:44 INFO    evtol_siting.nsga2_core      第   0 代: 前沿 155 个解, HV=5.186e+08, 最优目标1=5.29, 累计评估 332
05:29:06 INFO    evtol_siting.nsga2_core      第  30 代: 前沿 200 个解, HV=5.191e+08, 最优目标1=5.29, 累计评估 3317
05:29:27 INFO    evtol_siting.nsga2_core      第  60 代: 前沿 200 个解, HV=5.191e+08, 最优目标1=5.29, 累计评估 6789
05:29:50 INFO    evtol_siting.nsga2_core      第  90 代: 前沿 200 个解, HV=5.191e+08, 最优目标1=5.29, 累计评估 10903
05:30:16 INFO    evtol_siting.nsga2_core      第 120 代: 前沿 200 个解, HV=5.191e+08, 最优目标1=5.29, 累计评估 15582
05:30:42 INFO    evtol_siting.nsga2_core      第 150 代: 前沿 200 个解, HV=5.191e+08, 最优目标1=5.29, 累计评估 20575
05:31:10 INFO    evtol_siting.nsga2_core      第 180 代: 前沿 200 个解, HV=5.191e+08, 最优目标1=5.29, 累计评估 25756
05:31:40 INFO    evtol_siting.nsga2_core      第 210 代: 前沿 200 个解, HV=5.191e+08, 最优目标1=5.29, 累计评估 31044
05:32:10 INFO    evtol_siting.nsga2_core      第 240 代: 前沿 200 个解, HV=5.192e+08, 最优目标1=5.29, 累计评估 36454
05:32:40 INFO    evtol_siting.nsga2_core      第 270 代: 前沿 200 个解, HV=5.208e+08, 最优目标1=5.29, 累计评估 41968
05:33:10 INFO    evtol_siting.nsga2_core      第 299 代: 前沿 200 个解, HV=5.219e+08, 最优目标1=5.29, 累计评估 47295
05:33:10 INFO    evtol_siting.pipeline      ============================================================
05:33:10 INFO    evtol_siting.pipeline      评价：方案指标与基线对比
05:33:10 INFO    evtol_siting.pipeline      ============================================================
05:33:12 INFO    evtol_siting.baselines     求解单目标基线：本次需解 13/13 个模型（p 取值 [10, 11, 20, 30]），并行度 3
05:33:14 INFO    evtol_siting.baselines     [set_covering] 已证明最优
05:33:14 INFO    evtol_siting.baselines     [set_covering] -> 10 个设施（覆盖 1008 个可达单元），耗时 2.3s
05:33:14 INFO    evtol_siting.baselines     基线结果已缓存: baselines_fd5797fafbf407faaf697c969da40ef3.json
05:33:29 INFO    evtol_siting.baselines     [p_median_p10] p=10: 2519 个需求单元 × 1315 可达候选 = 323898 个分配变量 + 2519 个未服务变量（P=15.15），时限 3600s，相对间隙 0.001
05:33:45 INFO    evtol_siting.baselines     [p_center_p10] p=10 -> 10 个设施，最差接驳 14.3842 min，耗时 33.2s
05:33:45 INFO    evtol_siting.baselines     基线结果已缓存: baselines_fd5797fafbf407faaf697c969da40ef3.json
05:33:59 INFO    evtol_siting.baselines     [p_median_p11] p=11: 2519 个需求单元 × 1315 可达候选 = 323898 个分配变量 + 2519 个未服务变量（P=15.15），时限 3600s，相对间隙 0.001
05:35:09 WARNING evtol_siting.solver_status [max_coverage_p10] 未证明最优：相对间隙 0.0091% —— 返回当前最好解。论文引用该结果时须写成「求解至相对间隙 X%」而非「最优」。
05:35:09 INFO    evtol_siting.baselines     [max_coverage_p10] p=10 -> 10 个设施，覆盖需求 49613.0，耗时 114.4s
05:35:09 INFO    evtol_siting.baselines     基线结果已缓存: baselines_fd5797fafbf407faaf697c969da40ef3.json
05:35:17 INFO    evtol_siting.baselines     [p_center_p11] p=11 -> 11 个设施，最差接驳 13.6138 min，耗时 8.2s
05:35:17 INFO    evtol_siting.baselines     基线结果已缓存: baselines_fd5797fafbf407faaf697c969da40ef3.json
05:37:07 WARNING evtol_siting.solver_status [max_coverage_p11] 未证明最优：相对间隙 0.0100% —— 返回当前最好解。论文引用该结果时须写成「求解至相对间隙 X%」而非「最优」。
05:37:07 INFO    evtol_siting.baselines     [max_coverage_p11] p=11 -> 11 个设施，覆盖需求 49934.2，耗时 110.6s
05:37:07 INFO    evtol_siting.baselines     基线结果已缓存: baselines_fd5797fafbf407faaf697c969da40ef3.json
05:37:23 INFO    evtol_siting.baselines     [p_median_p20] p=20: 2519 个需求单元 × 1315 可达候选 = 323898 个分配变量 + 2519 个未服务变量（P=15.15），时限 3600s，相对间隙 0.001
05:44:14 INFO    evtol_siting.baselines     [p_median_p20] 已证明最优
05:44:14 INFO    evtol_siting.baselines     [p_median_p20] p=20 -> 20 个设施，总接驳 373830.6，未服务 190 个单元，耗时 426.1s
05:44:14 INFO    evtol_siting.baselines     基线结果已缓存: baselines_fd5797fafbf407faaf697c969da40ef3.json
05:44:21 INFO    evtol_siting.baselines     [p_center_p20] p=20 -> 11 个设施，最差接驳 13.6138 min，耗时 7.4s
05:44:21 INFO    evtol_siting.baselines     基线结果已缓存: baselines_fd5797fafbf407faaf697c969da40ef3.json
05:44:48 INFO    evtol_siting.solver_status [max_coverage_p20] 已证明最优（相对间隙 <= 1e-09）
05:44:48 INFO    evtol_siting.baselines     [max_coverage_p20] p=20 -> 20 个设施，覆盖需求 50338.9，耗时 26.6s
05:44:48 INFO    evtol_siting.baselines     基线结果已缓存: baselines_fd5797fafbf407faaf697c969da40ef3.json
05:45:02 INFO    evtol_siting.baselines     [p_median_p30] p=30: 2519 个需求单元 × 1315 可达候选 = 323898 个分配变量 + 2519 个未服务变量（P=15.15），时限 3600s，相对间隙 0.001
05:56:31 WARNING evtol_siting.baselines     [p_median_p10] 未证明最优（0.10% 相对间隙 / 或达到时限），返回当前最好解——论文不得称其为「最优」
05:56:31 INFO    evtol_siting.baselines     [p_median_p10] p=10 -> 10 个设施，总接驳 411078.4，未服务 627 个单元，耗时 1398.9s
05:56:32 INFO    evtol_siting.baselines     基线结果已缓存: baselines_fd5797fafbf407faaf697c969da40ef3.json
05:56:40 INFO    evtol_siting.baselines     [p_center_p30] p=30 -> 11 个设施，最差接驳 13.6138 min，耗时 7.7s
05:56:40 INFO    evtol_siting.baselines     基线结果已缓存: baselines_fd5797fafbf407faaf697c969da40ef3.json
05:57:06 INFO    evtol_siting.solver_status [max_coverage_p30] 已证明最优（相对间隙 <= 1e-09）
05:57:06 INFO    evtol_siting.baselines     [max_coverage_p30] p=30 -> 24 个设施，覆盖需求 50338.9，耗时 26.6s
05:57:06 INFO    evtol_siting.baselines     基线结果已缓存: baselines_fd5797fafbf407faaf697c969da40ef3.json
05:57:18 WARNING evtol_siting.baselines     [p_median_p30] 未证明最优（0.01% 相对间隙 / 或达到时限），返回当前最好解——论文不得称其为「最优」
05:57:18 INFO    evtol_siting.baselines     [p_median_p30] p=30 -> 30 个设施，总接驳 343854.3，未服务 146 个单元，耗时 750.3s
05:57:19 INFO    evtol_siting.baselines     基线结果已缓存: baselines_fd5797fafbf407faaf697c969da40ef3.json
05:57:29 WARNING evtol_siting.baselines     [p_median_p11] 未证明最优（0.01% 相对间隙 / 或达到时限），返回当前最好解——论文不得称其为「最优」
05:57:29 INFO    evtol_siting.baselines     [p_median_p11] p=11 -> 11 个设施，总接驳 413312.1，未服务 550 个单元，耗时 1423.9s
05:57:29 INFO    evtol_siting.baselines     基线结果已缓存: baselines_fd5797fafbf407faaf697c969da40ef3.json
05:57:29 INFO    evtol_siting.baselines     基线结果已缓存: baselines_fd5797fafbf407faaf697c969da40ef3.json
05:57:29 INFO    evtol_siting.pipeline      方案对比表:
                         label  n_sites  n_rooftop  n_ground  total_cost_cny  mean_cost_per_site_cny  ...  group_1_access_time_min  group_2_access_time_min  group_3_access_time_min  group_4_access_time_min  income_quintile_gap_min  income_quintile_gini
     Baseline:max_coverage_p30       24          7        17    1.227146e+09            5.113106e+07  ...                10.442708                10.217125                 8.795845                 8.376814                 1.198975              0.024262
     Baseline:max_coverage_p20       20          7        13    9.939926e+08            4.969963e+07  ...                10.821614                 9.343874                 9.089786                 8.945505                 1.011007              0.024394
  NSGA-II:best_unserved_demand      370         66       304    1.972759e+10            5.331782e+07  ...                 6.392387                 6.029088                 5.170904                 6.053978                 0.973827              0.030730
NSGA-II:best_total_access_time      328         62       266    1.748988e+10            5.332280e+07  ...                 5.905288                 5.763331                 5.434256                 5.892302                 0.762037              0.028299
         NSGA-II:best_inequity      328         62       266    1.748988e+10            5.332280e+07  ...                 5.905288                 5.763331                 5.434256                 5.892302                 0.762037              0.028299
                NSGA-II:TOPSIS       56         21        35    2.738039e+09            4.889355e+07  ...                 7.674350                 6.821580                 7.492462                 7.602977                 0.727787              0.016926
                  NSGA-II:knee       16          8         8    6.739167e+08            4.211979e+07  ...                10.040570                 9.210914                 9.609016                 8.862620                 1.090923              0.023069
     Baseline:max_coverage_p11       11          5         6    4.880409e+08            4.436735e+07  ...                10.497698                10.242921                 9.876474                 9.765965                 0.297465              0.006029
         Baseline:p_median_p30       30         10        20    1.515772e+09            5.052573e+07  ...                 6.699221                 5.741844                 8.010835                 6.793528                 2.887650              0.072134
         Baseline:p_median_p20       20          8        12    1.009245e+09            5.046225e+07  ...                 7.431214                 6.867562                 8.611796                 7.219865                 2.973346              0.067785
     Baseline:max_coverage_p10       10          4         6    5.153828e+08            5.153828e+07  ...                10.286862                 9.786754                10.103458                 9.633737                 0.596125              0.012199
         Baseline:p_center_p20       11          4         7    6.148745e+08            5.589768e+07  ...                 8.967901                 9.814331                 9.587714                 8.836365                 1.710545              0.032105
         Baseline:p_center_p30       11          4         7    6.148745e+08            5.589768e+07  ...                 8.967901                 9.814331                 9.587714                 8.836365                 1.710545              0.032105
         Baseline:p_center_p11       11          4         7    6.148745e+08            5.589768e+07  ...                 8.967901                 9.814331                 9.587714                 8.836365                 1.710545              0.032105
         Baseline:set_covering       10          4         6    5.014715e+08            5.014715e+07  ...                 9.788768                10.304790                 9.832610                 9.493141                 0.927358              0.018443
          IP:coverage_priority       10          3         7    5.446687e+08            5.446687e+07  ...                 9.659032                 9.540055                 9.916796                10.056326                 0.495479              0.009128
         Baseline:p_center_p10       10          5         5    4.192963e+08            4.192963e+07  ...                 9.547404                 9.648826                10.034706                 9.278978                 1.200463              0.027838
       NSGA-II:best_total_cost       11         10         1    3.143331e+08            2.857574e+07  ...                 9.081606                 9.683869                 9.833997                 9.590048                 1.626385              0.030854
              IP:cost_priority       11         10         1    3.143331e+08            2.857574e+07  ...                 9.081606                 9.683869                 9.833997                 9.590048                 1.626385              0.030854
         Baseline:p_median_p11       11          4         7    6.230898e+08            5.664452e+07  ...                 7.894493                 7.751728                10.456122                 8.048672                 3.064668              0.062830
         Baseline:p_median_p10       10          5         5    5.064666e+08            5.064666e+07  ...                 7.930556                 7.605195                10.405122                 8.475245                 2.496821              0.051055
05:57:30 INFO    evtol_siting.pipeline      结果已保存到 evtol_siting\outputs\data
05:57:30 INFO    run_all                    ==============================================================================
05:57:30 INFO    run_all                     完成。耗时 31.8 分钟。输出目录: outputs/data
05:57:30 INFO    run_all                     运行日志: evtol_siting\outputs\logs\run_20260919_052543.log
05:57:30 INFO    run_all                    ==============================================================================
