23:31:53 INFO    run_all                    ==============================================================================
23:31:53 INFO    run_all                     基于 GIS 与多目标优化的 eVTOL 起降场选址 —— 四阶段集成方法
23:31:53 INFO    run_all                     run tag: run_20260918_233153
23:31:53 INFO    run_all                    ==============================================================================
23:31:53 INFO    run_all                    
config: chengdu.yaml
  stage1_candidates.rooftop.min_height_m               = 20.0
  stage1_candidates.rooftop.min_roof_area_m2           = 1600.0
  stage1_candidates.dilution.min_distance_m            = 500.0
  stage1_candidates.grid_size_m                        = 500.0
  stage2_demand.n_clusters                             = 5
  stage3_ip.access_radius_m                            = 3000.0
  stage3_ip.min_core_demand                            = 0.6
  stage4_nsga2.pop_size                                = 200
  stage4_nsga2.n_gen                                   = 300
23:31:55 INFO    evtol_siting.pipeline      ============================================================
23:31:55 INFO    evtol_siting.pipeline      阶段一：基于 GIS 的候选起降场筛选
23:31:55 INFO    evtol_siting.pipeline      ============================================================
23:31:55 INFO    evtol_siting.pipeline      解析 PBF 提取包: sichuan-latest.osm.pbf
23:32:24 INFO    evtol_siting.data.pbf        已扫描 200000 个候选要素…
23:32:54 INFO    evtol_siting.data.pbf        已扫描 400000 个候选要素…
23:33:13 INFO    evtol_siting.data.pbf        已扫描 600000 个候选要素…
23:33:34 INFO    evtol_siting.data.pbf        已扫描 800000 个候选要素…
23:34:00 INFO    evtol_siting.data.pbf        buildings          69675 个要素
23:34:01 INFO    evtol_siting.data.pbf        poi                 8159 个要素
23:34:03 INFO    evtol_siting.data.pbf        roads              42272 个要素
23:34:03 INFO    evtol_siting.data.pbf        landuse             8430 个要素
23:34:03 INFO    evtol_siting.data.pbf        water               2252 个要素
23:34:03 INFO    evtol_siting.data.pbf        airports            1364 个要素
23:34:03 INFO    evtol_siting.data.pbf      PBF 解析完成（扫描 921830 个候选要素，输出 6 个图层）
23:34:03 INFO    evtol_siting.data.rasters  建筑高度栅格已存在: evtol_siting\data\raw\height\chengdu_building_height_10m.tif
23:34:12 INFO    evtol_siting.data.heights  高度栅格提供了 49162 栋建筑的高度（覆盖 70.6%）
23:34:12 INFO    evtol_siting.data.heights  分位数回归填补了 14650 栋建筑的高度（中位数 18.6 m）
23:34:12 INFO    evtol_siting.data.heights  高度融合结果（共 69675 栋）:
    raster_height     70.6%
    imputed           21.0%
    osm_levels         7.3%
    osm_height         1.1%
23:34:12 INFO    evtol_siting.data.heights      有标签覆盖率: 8.4% -> 融合后覆盖率: 100.0%
23:34:12 INFO    evtol_siting.data.rasters  人口栅格已存在: evtol_siting\data\raw\population\chengdu_population_100m.tif
23:34:12 INFO    evtol_siting.data.rasters  收入代理数据已存在: evtol_siting\data\raw\income\chengdu_income_proxy.gpkg
23:34:12 INFO    evtol_siting.pipeline      收入代理已载入: 6716 个点（EPSG:4326）
23:34:12 INFO    evtol_siting.data.rasters  DEM 已存在: evtol_siting\data\raw\dem\chengdu_dem_30m.tif
23:34:32 INFO    evtol_siting.data.rasters  坡度栅格已生成: evtol_siting\data\interim\chengdu_slope.tif
23:34:35 INFO    evtol_siting.geo           栅格化完成: 单元边长 500 m, 单元数 2519, 覆盖 629.8 km²
23:34:36 INFO    evtol_siting.stage1_candidates 屋顶型筛选: 1430 / 69675 栋建筑满足 h>=20m 且 A_roof>=1600m² (2.05%)
23:34:36 INFO    evtol_siting.stage1_candidates   排除 用地类型: 30 个单元（1.2%）
23:34:36 INFO    evtol_siting.stage1_candidates   排除 水域: 55 个单元（2.2%）
23:34:37 INFO    evtol_siting.stage1_candidates   建筑覆盖率判据 (max=0.55): 剔除 4 个单元（保留 2430）；覆盖率中位数 0.05
23:34:37 INFO    evtol_siting.stage1_candidates 坡度判据: 2419 / 2430 单元满足 slope<=15° (剔除 11)
23:34:37 INFO    evtol_siting.stage1_candidates 地面型筛选: 2419 个候选（用地排除 -100，坡度排除后）
23:34:38 INFO    evtol_siting.stage1_candidates 地面型候选已按路网可达性重新评分（中位距离 91 m）
23:34:38 INFO    evtol_siting.stage1_candidates 已为 1430 个缺少 cell_id 的候选（屋顶型）补齐所属栅格单元（补齐后 3759/3849 有 cell_id）
23:34:38 INFO    evtol_siting.stage1_candidates   90 个候选落在栅格之外，改用坐标分桶作为 cell_id
23:34:38 INFO    evtol_siting.stage1_candidates   口径 all_aeroway：1298 个非直升要素全部按运输机场处理
23:34:38 INFO    evtol_siting.stage1_candidates   机场净空区（含民用） (r=4000m): 剔除 1472 个候选（占 38.2%）
23:34:38 INFO    evtol_siting.stage1_candidates   既有直升机场 (r=1000m): 剔除 177 个候选（占 4.6%）
23:34:38 INFO    evtol_siting.stage1_candidates 安全排除后剩余 2334 个候选（原有 3849）
23:34:40 INFO    evtol_siting.stage1_candidates   [ground] 类别内稀释: 1571 -> 1571
23:34:40 INFO    evtol_siting.stage1_candidates   [rooftop] 类别内稀释: 693 -> 258
23:34:41 INFO    evtol_siting.stage1_candidates 密度稀释 (c_min=500m, 每栅格<=3): 2334 -> 1324 个候选 （配额 -70，类别内间距 -435，跨类别冲突 -505）；构成: {'ground': 1067, 'rooftop': 257}
23:34:41 INFO    evtol_siting.stage1_candidates 阶段一完成: 1324 个候选起降场（屋顶型 257，地面型 1067）
23:34:41 INFO    run_all                    阶段一候选集:
  facility_type     n  height_mean_m  cost_mean_cny  cost_total_cny
0        ground  1067            0.0     57000000.0    6.081900e+10
1       rooftop   257           36.1     40056587.0    1.029454e+10
23:34:41 INFO    evtol_siting.pipeline      ============================================================
23:34:41 INFO    evtol_siting.pipeline      阶段二：K-means 人群分类与需求空间化
23:34:41 INFO    evtol_siting.pipeline      ============================================================
23:34:41 INFO    evtol_siting.data.dasymetric 人口栅格分辨率 80 m 细于需求格网 500 m —— 分区求和已是正确的格网人口总量，**体积重分配在此不产生作用**，直接使用分区求和。（体积权重的价值在于把人口摊到建筑上做更细的分析，需 force=True）
23:34:41 WARNING evtol_siting.data.dasymetric 退化为按分区求和（假设人口在格网内均匀分布）
23:36:04 INFO    evtol_siting.stage2_demand 人口分配方式对比（论文 Table 用）:
    method  total_population  n_nonzero_cells  mean_per_cell  std_per_cell       cv     max_cell  top1pct_share     gini
dasymetric      7.712263e+06             2517    3061.636823   2504.238782 0.817941 12360.637527       0.032418 0.458119
   uniform      7.712263e+06             2517    3061.636823   2504.238782 0.817941 12360.637527       0.032418 0.458119
23:36:04 INFO    evtol_siting.stage2_demand 人口: 合计 7712263 人，单元中位数 2567 人（来源: zonal_sum）
23:36:09 INFO    evtol_siting.stage2_demand 收入代理(RWI): 范围 [4.28, 94.31]，单元均值 28.593
23:36:09 INFO    evtol_siting.stage2_demand POI: 研究区内 7442 个，单元密度中位数 0 个/km²
23:36:46 INFO    evtol_siting.stage2_demand K 选择 (silhouette): K=5，得分 0.4742，各 K 得分 {3: 0.4713, 4: 0.4495, 5: 0.4742, 6: 0.4289, 7: 0.4336, 8: 0.4372}
23:36:47 INFO    evtol_siting.choice_model  收入阶梯（K=5）: 1,877  2,956  4,049  5,546  8,736
23:36:47 INFO    evtol_siting.choice_model  时间价值: 5.4  8.5  11.6  15.9  25.1 元/小时（对应月收入 1,877  2,956  4,049  5,546  8,736）
23:36:47 INFO    evtol_siting.choice_model  时间价值: 1.1  1.3  1.4  1.7  1.9  2.2  2.5  2.9  3.3  3.8  4.4  5.0  5.8  6.6  7.6  8.8  10.1  11.6  13.3  15.3  17.6  20.2  23.2  26.7 元/小时（对应月收入 379  435  500  575  661  760  873  1,003  1,153  1,325  1,523  1,751  2,012  2,312  2,657  3,054  3,510  4,034  4,636  5,328  6,124  7,038  8,088  9,296）
23:36:47 INFO    evtol_siting.choice_model  时间价值: 1.7  2.0  2.3  2.6  3.0  3.4  4.0  4.5  5.2  6.0  6.9  7.9  9.1  10.5  12.0  13.8  15.9  18.3  21.0  24.1  27.7  31.9  36.6  42.1 元/小时（对应月收入 597  686  788  906  1,041  1,197  1,375  1,581  1,816  2,088  2,399  2,757  3,169  3,642  4,186  4,810  5,529  6,354  7,302  8,392  9,645  11,085  12,739  14,641）
23:36:47 INFO    evtol_siting.choice_model  时间价值: 2.3  2.7  3.1  3.6  4.1  4.7  5.4  6.2  7.1  8.2  9.4  10.9  12.5  14.3  16.5  18.9  21.8  25.0  28.7  33.0  38.0  43.6  50.1  57.6 元/小时（对应月收入 817  940  1,080  1,241  1,426  1,639  1,884  2,165  2,488  2,859  3,286  3,777  4,341  4,989  5,733  6,589  7,573  8,703  10,002  11,495  13,211  15,183  17,450  20,055）
23:36:47 INFO    evtol_siting.choice_model  时间价值: 3.2  3.7  4.3  4.9  5.6  6.5  7.4  8.5  9.8  11.3  12.9  14.9  17.1  19.6  22.6  25.9  29.8  34.3  39.4  45.2  52.0  59.8  68.7  78.9 元/小时（对应月收入 1,120  1,287  1,479  1,700  1,954  2,245  2,580  2,965  3,408  3,917  4,502  5,173  5,946  6,833  7,853  9,026  10,373  11,921  13,701  15,746  18,097  20,798  23,902  27,470）
23:36:47 INFO    evtol_siting.choice_model  时间价值: 5.1  5.8  6.7  7.7  8.8  10.2  11.7  13.4  15.4  17.7  20.4  23.4  26.9  30.9  35.5  40.9  46.9  54.0  62.0  71.3  81.9  94.1  108.2  124.3 元/小时（对应月收入 1,764  2,027  2,330  2,677  3,077  3,536  4,064  4,671  5,368  6,169  7,090  8,149  9,365  10,763  12,369  14,216  16,338  18,777  21,580  24,801  28,503  32,758  37,648  43,267）
23:36:47 INFO    evtol_siting.choice_model  选择模型 [区域内积分（σ_within=0.4）]: 出行 15 km（单点），地面 55 分钟 / 57 元，eVTOL 24 分钟 / 130 元，节省 31 分钟；采用概率 0.0565–0.0865（类间比 1.53）
23:36:47 INFO    evtol_siting.choice_model  各类人群采用概率:
 cluster  monthly_income_cny  vot_cny_per_h  p_evtol  demand_rate
       3              1877.0           5.39  0.05645     0.005645
       0              2956.0           8.49  0.06033     0.006033
       1              4049.0          11.64  0.06455     0.006455
       2              5546.0          15.94  0.07085     0.007085
       4              8736.0          25.10  0.08655     0.008655
23:36:47 INFO    evtol_siting.stage2_demand K-means 聚类完成: K=5，总需求 50339 次/日，总人口 7712263 人
23:36:47 INFO    evtol_siting.stage2_demand 类画像:
 cluster  n_cells   population  income_mean  poi_density_mean  trip_rate  monthly_income_cny  vot_cny_per_h  p_evtol  demand_trips_per_day k_selection
       3      911 1.274286e+06    15.458149          1.242591   0.005645              1877.0           5.39  0.05645           7193.345774  silhouette
       0      916 2.953990e+06    31.667580          4.310044   0.006033              2956.0           8.49  0.06033          17821.419612  silhouette
       1      311 1.804357e+06    33.630300         41.273312   0.006455              4049.0          11.64  0.06455          11647.124043  silhouette
       2       81 5.478822e+05    40.350918        106.123457   0.007085              5546.0          15.94  0.07085           3881.745275  silhouette
       4      300 1.131748e+06    50.690864         10.853333   0.008655              8736.0          25.10  0.08655           9795.280187  silhouette
23:36:48 INFO    run_all                    阶段二人群画像:
 cluster  n_cells   population  income_mean  poi_density_mean  trip_rate  monthly_income_cny  vot_cny_per_h  p_evtol  demand_trips_per_day k_selection
       3      911 1.274286e+06    15.458149          1.242591   0.005645              1877.0           5.39  0.05645           7193.345774  silhouette
       0      916 2.953990e+06    31.667580          4.310044   0.006033              2956.0           8.49  0.06033          17821.419612  silhouette
       1      311 1.804357e+06    33.630300         41.273312   0.006455              4049.0          11.64  0.06455          11647.124043  silhouette
       2       81 5.478822e+05    40.350918        106.123457   0.007085              5546.0          15.94  0.07085           3881.745275  silhouette
       4      300 1.131748e+06    50.690864         10.853333   0.008655              8736.0          25.10  0.08655           9795.280187  silhouette
23:36:48 INFO    evtol_siting.pipeline      ============================================================
23:36:48 INFO    evtol_siting.pipeline      阶段三：0-1 整数规划选址
23:36:48 INFO    evtol_siting.pipeline      ============================================================
23:36:50 INFO    evtol_siting.stage3_ip     [cost_priority] 需求单元 2519 个（核心 1008 个，阈值 分位数 0.60（>=21.0 次/日）），候选 1324 个，接驳时间预算 15.0 分钟，设施上限 20
23:36:53 INFO    evtol_siting.stage3_ip     [cost_priority] 已证明最优（耗时 3.49s）
23:36:54 INFO    evtol_siting.stage3_ip     [cost_priority] 最优解: 10 个起降场，总成本 3.13 亿元，需求覆盖率 96.2%，人口覆盖率 95.9%（耗时 3.49s）
23:36:54 INFO    evtol_siting.stage3_ip     [coverage_priority] 需求单元 2519 个（核心 1008 个，阈值 分位数 0.60（>=21.0 次/日）），候选 1324 个，接驳时间预算 15.0 分钟，设施上限 35
23:36:55 INFO    evtol_siting.stage3_ip     [coverage_priority] 已证明最优（耗时 1.36s）
23:36:56 INFO    evtol_siting.stage3_ip     [coverage_priority] 最优解: 10 个起降场，总成本 4.59 亿元，需求覆盖率 96.6%，人口覆盖率 96.2%（耗时 1.36s）
23:36:56 INFO    evtol_siting.stage3_ip     阶段三完成: 2 个情景求解成功（cost_priority=Optimal, coverage_priority=Optimal）
23:36:56 INFO    run_all                      cost_priority          Optimal      10 站  3.13 亿元  需求覆盖 96.2%
23:36:56 INFO    run_all                      coverage_priority      Optimal      10 站  4.59 亿元  需求覆盖 96.6%
23:36:57 INFO    evtol_siting.pipeline      结果已保存到 evtol_siting\outputs\data
23:36:57 INFO    run_all                    ==============================================================================
23:36:57 INFO    run_all                     完成。耗时 5.0 分钟。输出目录: outputs/data
23:36:57 INFO    run_all                     运行日志: evtol_siting\outputs\logs\run_20260918_233153.log
23:36:57 INFO    run_all                    ==============================================================================
